// Jest Snapshot v1, https://goo.gl/fbAQLP

exports[`renders Button correctly 1`] = `"<button type={[undefined]} />"`;
